// Jest Snapshot v1, https://goo.gl/fbAQLP

exports[`Page: Smtp tests should render page correctly with defaults 1`] = `
<Page
  title="SMTP Relay"
>
  <Panel.LEGACY
    sectioned={true}
  >
    <SmtpDetails
      apiKey={null}
    />
  </Panel.LEGACY>
  <Connect(ReduxForm)
    toggle={[Function]}
  />
</Page>
`;
