// Jest Snapshot v1, https://goo.gl/fbAQLP

exports[`Selector: current plan should get current plan from billing 1`] = `
Object {
  "billingId": "id1",
  "billing_id": "id1",
  "bundle": "5M-0817",
  "code": "5M-0817",
  "includesIp": true,
  "overage": 0.3,
  "plan": "5M-0817",
  "price": 123,
  "product": "messaging",
  "products": Array [
    Object {
      "plan": "5M-0817",
      "product": "messaging",
    },
  ],
  "status": "secret",
  "tier": "unlimited",
  "type": "messaging",
  "volume": 5000000,
}
`;

exports[`plan selector selectAvailablePlans should return active AWS plans 1`] = `Array []`;

exports[`plan selector selectAvailablePlans should return active paid plans 1`] = `Array []`;

exports[`plan selector selectAvailablePlans should return active plans 1`] = `Array []`;

exports[`plan selector selectVisiblePlans should return public AWS plans 1`] = `Array []`;

exports[`plan selector selectVisiblePlans should return public paid plans 1`] = `Array []`;

exports[`plan selector selectVisiblePlans should return public plans 1`] = `Array []`;
