// Jest Snapshot v1, https://goo.gl/fbAQLP

exports[`Selector: current plan should get current plan from billing 1`] = `
Object {
  "billingId": "id1",
  "billing_id": "id1",
  "bundle": "5M-0817",
  "code": "5M-0817",
  "includesIp": true,
  "isFree": false,
  "overage": 0.3,
  "plan": "5M-0817",
  "price": 123,
  "product": "messaging",
  "products": Array [
    Object {
      "plan": "online-support",
      "price": 0,
      "product": "online_support",
    },
    Object {
      "billing_period": "month",
      "limit": 4,
      "plan": "ip-0519",
      "price": 20,
      "product": "dedicated_ip",
      "volume": 1,
    },
    Object {
      "limit": 100000,
      "plan": "subaccounts-premier",
      "price": 0,
      "product": "subaccounts",
      "quantity": 1,
    },
    Object {
      "plan": "sso",
      "price": 0,
      "product": "sso",
    },
    Object {
      "plan": "tfa-required",
      "price": 0,
      "product": "tfa_required",
    },
    Object {
      "plan": "phone-support",
      "price": 0,
      "product": "phone_support",
    },
    Object {
      "billing_id": "id1",
      "billing_period": "month",
      "overage": 0.3,
      "plan": "5M-0817",
      "price": 123,
      "product": "messaging",
      "volume": 100000,
    },
    Object {
      "billing_period": "month",
      "daily_limit": -1,
      "plan": "rv-0519",
      "price": 0,
      "product": "recipient_validation",
    },
  ],
  "status": "secret",
  "tier": "unlimited",
  "type": "messaging",
  "volume": 5000000,
}
`;

exports[`plan selector selectAvailablePlans should return active AWS plans 1`] = `Array []`;

exports[`plan selector selectAvailablePlans should return active paid plans 1`] = `
Array [
  Object {
    "billing_id": "id1",
    "overage": 0.3,
    "plan": "5M-0817",
    "price": 123,
    "product": "messaging",
    "volume": 5000000,
  },
  Object {
    "billing_id": "id2",
    "overage": 0.4,
    "plan": "2.5M-0817",
    "price": 1234,
    "product": "messaging",
    "volume": 2500000,
  },
  Object {
    "plan": "free500-0419",
    "price": 0,
    "product": "messaging",
    "volume": 500,
  },
]
`;

exports[`plan selector selectAvailablePlans should return active plans 1`] = `
Array [
  Object {
    "billing_id": "id1",
    "overage": 0.3,
    "plan": "5M-0817",
    "price": 123,
    "product": "messaging",
    "volume": 5000000,
  },
  Object {
    "billing_id": "id2",
    "overage": 0.4,
    "plan": "2.5M-0817",
    "price": 1234,
    "product": "messaging",
    "volume": 2500000,
  },
  Object {
    "plan": "free500-0419",
    "price": 0,
    "product": "messaging",
    "volume": 500,
  },
]
`;

exports[`plan selector selectVisiblePlans should return public AWS plans 1`] = `Array []`;

exports[`plan selector selectVisiblePlans should return public paid plans 1`] = `Array []`;

exports[`plan selector selectVisiblePlans should return public plans 1`] = `Array []`;
