// Jest Snapshot v1, https://goo.gl/fbAQLP

exports[`plan selector selectAvailablePlans should return active AWS plans 1`] = `Array []`;

exports[`plan selector selectAvailablePlans should return active paid plans 1`] = `
Array [
  Object {
    "billing_id": "id1",
    "overage": 0.3,
    "plan": "5M-0817",
    "price": 123,
    "product": "messaging",
    "volume": 5000000,
  },
  Object {
    "billing_id": "id2",
    "overage": 0.4,
    "plan": "2.5M-0817",
    "price": 1234,
    "product": "messaging",
    "volume": 2500000,
  },
  Object {
    "plan": "free500-0419",
    "price": 0,
    "product": "messaging",
    "volume": 500,
  },
]
`;

exports[`plan selector selectAvailablePlans should return active plans 1`] = `
Array [
  Object {
    "billing_id": "id1",
    "overage": 0.3,
    "plan": "5M-0817",
    "price": 123,
    "product": "messaging",
    "volume": 5000000,
  },
  Object {
    "billing_id": "id2",
    "overage": 0.4,
    "plan": "2.5M-0817",
    "price": 1234,
    "product": "messaging",
    "volume": 2500000,
  },
  Object {
    "plan": "free500-0419",
    "price": 0,
    "product": "messaging",
    "volume": 500,
  },
]
`;

exports[`plan selector selectVisiblePlans should return public AWS plans 1`] = `Array []`;

exports[`plan selector selectVisiblePlans should return public paid plans 1`] = `Array []`;

exports[`plan selector selectVisiblePlans should return public plans 1`] = `Array []`;
