// Jest Snapshot v1, https://goo.gl/fbAQLP

exports[`ProfilePage renders with verify email banner 1`] = `
<Page
  title="Profile"
>
  <Component
    verifying={true}
  />
  <Panel.LEGACY>
    <Panel.LEGACY.Section>
      <LabelledValue
        label="Username"
      />
      <LabelledValue
        label="Email Address"
      />
    </Panel.LEGACY.Section>
  </Panel.LEGACY>
  <Panel.LEGACY>
    <Panel.LEGACY.Section>
      <ThemeToggleForm
        onChange={[Function]}
      />
    </Panel.LEGACY.Section>
  </Panel.LEGACY>
  <Component
    condition={[Function]}
  >
    <Component
      condition={[Function]}
    >
      <Component />
    </Component>
    <Panel.LEGACY
      title="Edit Profile"
    >
      <Component
        onSubmit={[Function]}
      />
    </Panel.LEGACY>
    <Component
      condition={[Function]}
    >
      <Panel.LEGACY
        title="Update Password"
      >
        <Component
          onSubmit={[Function]}
        />
      </Panel.LEGACY>
    </Component>
  </Component>
</Page>
`;
