// Jest Snapshot v1, https://goo.gl/fbAQLP

exports[`ProfilePage renders with verify email banner 1`] = `
<Page
  title="Profile"
>
  <Connect(VerifyEmailBanner)
    verifying={true}
  />
  <Panel.LEGACY>
    <Panel.LEGACY.Section>
      <LabelledValue
        label="Username"
      />
      <LabelledValue
        label="Email Address"
      />
    </Panel.LEGACY.Section>
  </Panel.LEGACY>
  <Panel.LEGACY>
    <Panel.LEGACY.Section>
      <ThemeToggleForm
        onChange={[Function]}
      />
    </Panel.LEGACY.Section>
  </Panel.LEGACY>
  <AccessControl
    condition={[Function]}
  >
    <AccessControl
      condition={[Function]}
    >
      <Connect(TfaManager) />
    </AccessControl>
    <Panel.LEGACY
      title="Edit Profile"
    >
      <Connect(ReduxForm)
        onSubmit={[Function]}
      />
    </Panel.LEGACY>
    <AccessControl
      condition={[Function]}
    >
      <Panel.LEGACY
        title="Update Password"
      >
        <Connect(ReduxForm)
          onSubmit={[Function]}
        />
      </Panel.LEGACY>
    </AccessControl>
  </AccessControl>
</Page>
`;
