// Jest Snapshot v1, https://goo.gl/fbAQLP

exports[`Component: DatePicker should give me 1`] = `
<Popover
  className="Popover"
  id="popover-date-picker"
  onClose={[Function]}
  open={false}
  trigger={
    <TextField
      date-id="date-field-date-picker"
      disabled={false}
      id="date-field-date-picker"
      label="Date Range"
      onBlur={[Function]}
      onClick={[Function]}
      readOnly={true}
      type="text"
      value="MMM Do YYYY h:mma – MMM Do YYYY h:mma"
    />
  }
  wrapper="div"
>
  <Box
    display="flex"
  >
    <Box
      borderRight="400"
      className="ActionList"
    >
      <ActionList
        actions={
          Array [
            Object {
              "content": "Last Hour",
              "highlighted": false,
              "onClick": [Function],
            },
            Object {
              "content": "Last 24 Hours",
              "highlighted": false,
              "onClick": [Function],
            },
            Object {
              "content": "Last 7 Days",
              "highlighted": false,
              "onClick": [Function],
            },
            Object {
              "content": "Last 10 Days",
              "highlighted": false,
              "onClick": [Function],
            },
            Object {
              "content": "Last 14 Days",
              "highlighted": false,
              "onClick": [Function],
            },
            Object {
              "content": "Last 30 Days",
              "highlighted": false,
              "onClick": [Function],
            },
            Object {
              "content": "Custom",
              "highlighted": true,
              "onClick": [Function],
            },
          ]
        }
      />
    </Box>
    <Box
      className="DateSelectorWrapper"
      padding="400"
    >
      <DatePicker
        className="DateSelector"
        disabledDays={
          Object {
            "after": 2017-01-15T11:00:00.000Z,
          }
        }
        fixedWeeks={true}
        initialMonth={2017-01-15T11:00:00.000Z}
        onDayClick={[Function]}
        onDayFocus={[Function]}
        onDayKeyDown={[Function]}
        onDayMouseEnter={[Function]}
        onKeyDown={[Function]}
        selectedDays={Object {}}
        toMonth={2017-01-15T11:00:00.000Z}
      />
      <ManualEntryForm
        data-id="manual-entry-form"
        onEnter={[Function]}
        preventFuture={true}
        roundToPrecision={true}
        selectDates={[Function]}
      />
    </Box>
  </Box>
  <Box
    borderTop="400"
    padding="400"
  >
    <ButtonWrapper>
      <Button
        data-id="date-picker-custom-apply"
        onClick={[Function]}
        variant="primary"
      >
        Apply
      </Button>
      <Button
        onClick={[Function]}
        variant="secondary"
      >
        Cancel
      </Button>
    </ButtonWrapper>
  </Box>
  <WindowEvent
    event="keydown"
    handler={[Function]}
  />
</Popover>
`;

exports[`Component: DatePicker should not render form fields when manual entry is hidden 1`] = `
<Popover
  className="Popover"
  id="popover-date-picker"
  onClose={[Function]}
  open={false}
  trigger={
    <TextField
      date-id="date-field-date-picker"
      disabled={false}
      id="date-field-date-picker"
      label="Date Range"
      onBlur={[Function]}
      onClick={[Function]}
      readOnly={true}
      type="text"
      value="MMM Do YYYY h:mma – MMM Do YYYY h:mma"
    />
  }
  wrapper="div"
>
  <Box
    display="flex"
  >
    <Box
      borderRight="400"
      className="ActionList"
    >
      <ActionList
        actions={
          Array [
            Object {
              "content": "Last Hour",
              "highlighted": false,
              "onClick": [Function],
            },
            Object {
              "content": "Last 24 Hours",
              "highlighted": false,
              "onClick": [Function],
            },
            Object {
              "content": "Last 7 Days",
              "highlighted": false,
              "onClick": [Function],
            },
            Object {
              "content": "Last 10 Days",
              "highlighted": false,
              "onClick": [Function],
            },
            Object {
              "content": "Last 14 Days",
              "highlighted": false,
              "onClick": [Function],
            },
            Object {
              "content": "Last 30 Days",
              "highlighted": false,
              "onClick": [Function],
            },
            Object {
              "content": "Custom",
              "highlighted": true,
              "onClick": [Function],
            },
          ]
        }
      />
    </Box>
    <Box
      className="DateSelectorWrapper"
      padding="400"
    >
      <DatePicker
        className="DateSelector"
        disabledDays={
          Object {
            "after": 2017-01-15T11:00:00.000Z,
          }
        }
        fixedWeeks={true}
        initialMonth={2017-01-15T11:00:00.000Z}
        onDayClick={[Function]}
        onDayFocus={[Function]}
        onDayKeyDown={[Function]}
        onDayMouseEnter={[Function]}
        onKeyDown={[Function]}
        selectedDays={Object {}}
        toMonth={2017-01-15T11:00:00.000Z}
      />
      <ManualEntryForm
        data-id="manual-entry-form"
        onEnter={[Function]}
        preventFuture={true}
        roundToPrecision={true}
        selectDates={[Function]}
      />
    </Box>
  </Box>
  <Box
    borderTop="400"
    padding="400"
  >
    <ButtonWrapper>
      <Button
        data-id="date-picker-custom-apply"
        onClick={[Function]}
        variant="primary"
      >
        Apply
      </Button>
      <Button
        onClick={[Function]}
        variant="secondary"
      >
        Cancel
      </Button>
    </ButtonWrapper>
  </Box>
  <WindowEvent
    event="keydown"
    handler={[Function]}
  />
</Popover>
`;
