// Jest Snapshot v1, https://goo.gl/fbAQLP

exports[`CopyField Component should handle copy click 1`] = `
<Tooltip
  content="Copied to clipboard!"
  dark={true}
  disabled={false}
>
  <Button
    name="copy-field-button"
    onClick={[Function]}
    variant="connected"
  >
    Copy
  </Button>
</Tooltip>
`;
