// Jest Snapshot v1, https://goo.gl/fbAQLP

exports[`VerificationHelp component does not render otherwise 1`] = `""`;

exports[`VerificationHelp component renders for non-verified domains blocked 1`] = `
<SubduedText
  as="p"
  color="gray.600"
  fontSize="300"
  mt="300"
>
  <span>
    Need help verifying your domain? 
  </span>
  <ExternalLink
    to="https://www.sparkpost.com/docs/getting-started/getting-started-sparkpost/#sending-domain-step-2-verifying-domain-ownership"
  >
    Follow this guide.
  </ExternalLink>
</SubduedText>
`;

exports[`VerificationHelp component renders for non-verified domains pending 1`] = `
<SubduedText
  as="p"
  color="gray.600"
  fontSize="300"
  mt="300"
>
  <span>
    Need help verifying your domain? 
  </span>
  <ExternalLink
    to="https://www.sparkpost.com/docs/getting-started/getting-started-sparkpost/#sending-domain-step-2-verifying-domain-ownership"
  >
    Follow this guide.
  </ExternalLink>
</SubduedText>
`;

exports[`VerificationHelp component renders for non-verified domains unverified 1`] = `
<SubduedText
  as="p"
  color="gray.600"
  fontSize="300"
  mt="300"
>
  <span>
    Need help verifying your domain? 
  </span>
  <ExternalLink
    to="https://www.sparkpost.com/docs/getting-started/getting-started-sparkpost/#sending-domain-step-2-verifying-domain-ownership"
  >
    Follow this guide.
  </ExternalLink>
</SubduedText>
`;

exports[`VerificationHelp component renders for non-verified domains verified 1`] = `
<SubduedText
  as="p"
  color="gray.600"
  fontSize="300"
  mt="300"
>
  <span>
    Need help verifying your domain? 
  </span>
  <ExternalLink
    to="https://www.sparkpost.com/docs/getting-started/getting-started-sparkpost/#sending-domain-step-2-verifying-domain-ownership"
  >
    Follow this guide.
  </ExternalLink>
</SubduedText>
`;
