// Jest Snapshot v1, https://goo.gl/fbAQLP

exports[`EnableTfaModal tests should render correctly 1`] = `
<Modal.LEGACY
  open={false}
>
  <Panel.LEGACY
    title="Enable Two-Factor Authentication"
  >
    <Connect(EnableTfaForm)
      afterEnable={[MockFunction]}
      onClose={[MockFunction]}
    />
  </Panel.LEGACY>
</Modal.LEGACY>
`;
