// Jest Snapshot v1, https://goo.gl/fbAQLP

exports[`EditAndPreviewPage renders a page 1`] = `
<FullPage
  breadcrumbRedirectsTo="/templates"
  primaryArea={
    <div
      data-id="template-status"
    >
      <Tag>
        <OGOnlyWrapper
          as="span"
        >
          Draft
        </OGOnlyWrapper>
      </Tag>
    </div>
  }
  title="Test Template (DRAFT)"
>
  <div>
    <EditNavigation
      primaryArea={<EditContentsPrimaryArea />}
    />
  </div>
  <div>
    <EditContents />
  </div>
  <Prompt
    message={[Function]}
    when={true}
  />
</FullPage>
`;

exports[`EditAndPreviewPage renders a page in published mode 1`] = `
<div
  data-id="template-status"
>
  <Tag
    color="green"
  >
    <OGOnlyWrapper
      as="span"
    >
      Published
    </OGOnlyWrapper>
  </Tag>
</div>
`;
