// Jest Snapshot v1, https://goo.gl/fbAQLP

exports[`Action Creator: scimToken deleteScimToken should make the appropriate request 1`] = `
Object {
  "meta": Object {
    "headers": Object {},
    "method": "DELETE",
    "url": "/v1/api-keys/fake-id",
  },
  "type": "DELETE_SCIM_TOKEN",
}
`;

exports[`Action Creator: scimToken generateScimToken should make the appropriate request 1`] = `
Object {
  "meta": Object {
    "data": Object {
      "grants": Array [
        "scim/manage",
      ],
      "label": "SCIM Token",
      "userless": true,
    },
    "method": "POST",
    "url": "/v1/api-keys",
  },
  "type": "GENERATE_SCIM_TOKEN",
}
`;

exports[`Action Creator: scimToken listScimToken should make the appropriate request 1`] = `
Object {
  "meta": Object {
    "method": "GET",
    "params": Object {
      "grant": "scim/manage",
    },
    "showErrorAlert": false,
    "url": "/v1/api-keys",
  },
  "type": "LIST_SCIM_TOKEN",
}
`;

exports[`Action Creator: scimToken resetScimTokenError should make the appropriate request 1`] = `
Object {
  "type": "SCIM_TOKEN_ERROR_RESET",
}
`;
