// Jest Snapshot v1, https://goo.gl/fbAQLP

exports[`AccountSettingsPage renders 1`] = `
<Page
  title="Account Settings"
>
  <Panel.LEGACY
    sectioned={true}
  >
    <LabelledValue
      label="Account ID"
    >
      123123
    </LabelledValue>
  </Panel.LEGACY>
  <Component />
  <Component />
  <Component />
  <withRouter(Connect(CancellationPanel)) />
</Page>
`;
