// Jest Snapshot v1, https://goo.gl/fbAQLP

exports[`Component: PublicRoute renders component 1`] = `
<Memo(AccessControl)
  condition={[MockFunction]}
  redirect="/auth"
  wait={false}
>
  <withRouter(ProviderComponent)>
    <RouteFocusHandler />
    <TestComponent
      path="/join"
      public={true}
    />
  </withRouter(ProviderComponent)>
</Memo(AccessControl)>
`;
